
> enterprises@0.0.0 build
> tsc -b && vite build

[36mvite v8.0.1 [32mbuilding client environment for production...[36m[39m
[2K
transforming...Γ£ô 2495 modules transformed.
rendering chunks...
computing gzip size...
dist/index.html                   0.46 kB Γöé gzip:   0.29 kB
dist/assets/index-CxKoQqbL.css   36.79 kB Γöé gzip:   6.80 kB
dist/assets/index-CcER2MkR.js   881.42 kB Γöé gzip: 262.20 kB

node.exe : [33m[33m[P
LUGIN_TIMINGS] 
Warning:[0m Your 
build spent 
significant time in 
plugin `rolldown:vite-r
esolve`. See https://ro
lldown.rs/options/check
s#plugintimings for 
more details.
At line:1 char:1
+ & "C:\Program 
Files\nodejs/node.exe" 
"C:\Program 
Files\nodejs/node_mo 
...
+ ~~~~~~~~~~~~~~~~~~~~~
~~~~~~~~~~~~~~~~~~~~~~~
~~~~~~~~~~~~~~~~~~~~~~~
~~
    + CategoryInfo     
         : NotSpecifi  
  ed: ([33m[33m[PL   
 UG...r more detail    
s.:String) [], Rem    
oteException
    + FullyQualifiedEr 
   rorId : NativeComm  
  andError
 
[39m
[33m[plugin 
builtin:vite-reporter] 
(!) Some chunks are 
larger than 500 kB 
after minification. 
Consider:
- Using dynamic 
import() to code-split 
the application
- Use build.rolldownOpt
ions.output.codeSplitti
ng to improve 
chunking: https://rolld
own.rs/reference/Output
Options.codeSplitting
- Adjust chunk size 
limit for this warning 
via build.chunkSizeWarn
ingLimit.[39m
[32mΓ£ô built in 3.04s[39m
